// Jest Snapshot v1, https://goo.gl/fbAQLP

exports[`Main should render 1`] = `
<ActivityIndicator
  animating={true}
  color="#777777"
  hidesWhenStopped={true}
  size="large"
  style={
    Object {
      "alignSelf": "center",
      "flex": 1,
    }
  }
/>
`;
